83a40081825820fcbc18c64cdf133f33dd319c5105dc7c4972f2d646ae276fbd00cf7f39f8c38000018282581d61a597e3dc6a2f0b110c31c42abf0965b9705dd3f291c6091a277b36971a004c4b4082583900d25d4ec5f9e13219b4ea8d5d3c6c849b2b2efbcc0c301cca492837a5f798d9772e70e1857607d45339c32e415f05e7250b5df2d06bebba741a0049ba9f021a000290a1031a034b50f7a10081825820f623f6c21958349e8d3c2c6c7e03eacddefd085f6b26730d50e203b3c36c1ea05840c628422441072ca626b91acfa39f251553505b797d9058ebc22fb05a9cd1cac01f4456cea922d1297156e8b30d3b9a00d299999190988963d611c2263d10c800f6