84a40081825820fcbc18c64cdf133f33dd319c5105dc7c4972f2d646ae276fbd00cf7f39f8c38000018282583901a597e3dc6a2f0b110c31c42abf0965b9705dd3f291c6091a277b36970819b5831950cb576926eaf9e74706ae43d251a7bf8906a9e1a140a31a004c4b4082583900d25d4ec5f9e13219b4ea8d5d3c6c849b2b2efbcc0c301cca492837a5f798d9772e70e1857607d45339c32e415f05e7250b5df2d06bebba741a0049ba73021a000290cd031a034b50f7a10081825820f623f6c21958349e8d3c2c6c7e03eacddefd085f6b26730d50e203b3c36c1ea05840004a496fb23d3fa701fb3beed2564396222397041324904f5eec10ffe7b16b923cd0d2fa69c4395603a7870a8046378265216e4a03b5d6efd501a55a3e58b001f5f6